// Jest Snapshot v1, https://goo.gl/fbAQLP

exports[`index works 1`] = `
Object {
  "bug": "can't",
  "come": "to the phone right now",
  "why?": "Oh, cause she's dead!",
}
`;
